[www.allinlondon.co.uk/submissions/review/business/48484.html]
[www.allinlondon.co.uk/favicon-32x32.png]
[www.allinlondon.co.uk/favicon-16x16.png]
[www.allinlondon.co.uk/images/ail-logo.png]
[www.allinlondon.co.uk/css/coreda79.css]
[securepubads.g.doubleclick.net/tag/js/f.txt]
[backblue.gif]
[fade.gif]
[index.html]
[www.allinlondon.co.uk/images/megamenu/high-street.jpg]
[www.allinlondon.co.uk/images/megamenu/whats-on.jpg]
[www.allinlondon.co.uk/images/megamenu/nightlife.jpg]
[www.allinlondon.co.uk/images/megamenu/visit.jpg]
[www.allinlondon.co.uk/images/megamenu/more.jpg]
[www.allinlondon.co.uk/img/snippets/5837/main-ail-6874d4f078a376.47989109.jpg]
[www.allinlondon.co.uk/img/snippets/5836/preview-ail-6874d3fe0b1065.33736322.jpg]
[www.allinlondon.co.uk/img/snippets/5835/preview-ail-686be826ed4745.28305737.jpg]
[www.allinlondon.co.uk/img/snippets/5834/preview-ail-686be65ca35de1.12689149.jpg]
[www.allinlondon.co.uk/img/snippets/5833/preview-ail-68627075280760.68194465.jpg]
[www.allinlondon.co.uk/js/coref9cb.js]
[www.allinlondon.co.uk/js/vue547d.js]
[www.allinlondon.co.uk/submissions/review/business/48484.html]
[www.allinlondon.co.uk/css/coreda79.css]
[www.allinlondon.co.uk/css/vendorf322.css]
[www.allinlondon.co.uk/css/vendorf322.css]
